// Jest Snapshot v1, https://goo.gl/fbAQLP

exports[`<Switch/> renders correctly 1`] = `
<label
  className="MuiFormControlLabel-root-2"
>
  <span
    className="MuiSwitch-root-8"
  >
    <span
      className="MuiButtonBase-root-27 MuiIconButton-root-21 MuiPrivateSwitchBase-root-17 MuiSwitch-switchBase-11 MuiSwitch-colorPrimary-13"
      onBlur={[Function]}
      onContextMenu={[Function]}
      onFocus={[Function]}
      onKeyDown={[Function]}
      onKeyUp={[Function]}
      onMouseDown={[Function]}
      onMouseLeave={[Function]}
      onMouseUp={[Function]}
      onTouchEnd={[Function]}
      onTouchMove={[Function]}
      onTouchStart={[Function]}
      tabIndex={null}
    >
      <span
        className="MuiIconButton-label-26"
      >
        <span
          className="MuiSwitch-icon-9"
        />
        <input
          className="MuiPrivateSwitchBase-input-20"
          onChange={[Function]}
          type="checkbox"
        />
      </span>
      <span
        className="MuiTouchRipple-root-66"
      />
    </span>
    <span
      className="MuiSwitch-bar-16"
    />
  </span>
  <span
    className="MuiTypography-root-30 MuiTypography-body1-39 MuiFormControlLabel-label-7"
  />
</label>
`;
