// Jest Snapshot v1, https://goo.gl/fbAQLP

exports[`<Checkbox/> renders correctly with empty props 1`] = `
<label
  className="MuiFormControlLabel-root-2"
>
  <span
    className="MuiButtonBase-root-24 MuiIconButton-root-18 MuiPrivateSwitchBase-root-14 MuiCheckbox-root-8 MuiCheckbox-colorPrimary-12"
    onBlur={[Function]}
    onContextMenu={[Function]}
    onFocus={[Function]}
    onKeyDown={[Function]}
    onKeyUp={[Function]}
    onMouseDown={[Function]}
    onMouseLeave={[Function]}
    onMouseUp={[Function]}
    onTouchEnd={[Function]}
    onTouchMove={[Function]}
    onTouchStart={[Function]}
    tabIndex={null}
  >
    <span
      className="MuiIconButton-label-23"
    >
      <svg
        aria-hidden="true"
        className="MuiSvgIcon-root-27"
        focusable="false"
        role="presentation"
        viewBox="0 0 24 24"
      >
        <path
          d="M19 5v14H5V5h14m0-2H5c-1.1 0-2 .9-2 2v14c0 1.1.9 2 2 2h14c1.1 0 2-.9 2-2V5c0-1.1-.9-2-2-2z"
        />
      </svg>
      <input
        className="MuiPrivateSwitchBase-input-17"
        data-indeterminate={false}
        onChange={[Function]}
        type="checkbox"
      />
    </span>
    <span
      className="MuiTouchRipple-root-72"
    />
  </span>
  <span
    className="MuiTypography-root-36 MuiTypography-body1-45 MuiFormControlLabel-label-7"
  />
</label>
`;
